// Jest Snapshot v1, https://goo.gl/fbAQLP

exports[`<App /> renders correctly 1`] = `
<main>
  <!---->
   
  <splitpanes-stub
    dblclicksplitter="true"
    pushotherpanes="true"
  >
    <pane-stub
      maxsize="100"
      minsize="10"
      size="15"
    >
      <menu-side-stub />
    </pane-stub>
     
    <pane-stub
      maxsize="100"
      minsize="10"
    >
      <splitpanes-stub
        dblclicksplitter="true"
        pushotherpanes="true"
      >
        <pane-stub
          class="has-min-height router-view"
          maxsize="100"
          minsize="0"
        >
          <search-stub />
           
          <router-view-stub />
        </pane-stub>
         
      </splitpanes-stub>
    </pane-stub>
  </splitpanes-stub>
   
  <button
    class="button is-small is-rounded is-settings-control"
    id="hide-nav"
  >
    <span
      class="icon"
    >
      <icon-stub
        name="chevron-left"
      />
    </span>
  </button>
</main>
`;
