// Jest Snapshot v1, https://goo.gl/fbAQLP

exports[`<LogEventSource /> renders correctly 1`] = `
<div>
  <div class="infinte-loader">
    <div class="spinner" style="display: none;">
      <div class="bounce1"></div>
      <div class="bounce2"></div>
      <div class="bounce3"></div>
    </div>
  </div>
  <ul class="events medium"></ul>
</div>
`;
